// Jest Snapshot v1, https://goo.gl/fbAQLP

exports[`Menu item renders correctly 1`] = `
<a
  href="/test"
>
  Test menu item
</a>
`;
